// Jest Snapshot v1, https://goo.gl/fbAQLP

exports[`Vehicles matches the snapshot with cards 1`] = `
ShallowWrapper {
  "length": 1,
  Symbol(enzyme.__root__): [Circular],
  Symbol(enzyme.__unrendered__): <Vehicles
    cardData={
        Array [
            Object {
              "favorite": false,
              "id": 1,
              "model": "cool",
              "name": "Daniela",
              "numberOfPassengers": 1,
              "vehicleClass": "car",
            },
            Object {
              "favorite": false,
              "id": 1,
              "model": "cool",
              "name": "Daniela",
              "numberOfPassengers": 1,
              "vehicleClass": "car",
            },
          ]
    }
    toggleFavorite={[Function]}
/>,
  Symbol(enzyme.__renderer__): Object {
    "batchedUpdates": [Function],
    "getNode": [Function],
    "render": [Function],
    "simulateEvent": [Function],
    "unmount": [Function],
  },
  Symbol(enzyme.__node__): Object {
    "instance": null,
    "key": undefined,
    "nodeType": "host",
    "props": Object {
      "children": Array [
        <Card
          favorite={false}
          id={1}
          item1="Class: car"
          item2="Model: cool"
          item3="Total Passengers: 1"
          title="Daniela"
          toggleFavorite={[Function]}
/>,
        <Card
          favorite={false}
          id={1}
          item1="Class: car"
          item2="Model: cool"
          item3="Total Passengers: 1"
          title="Daniela"
          toggleFavorite={[Function]}
/>,
      ],
      "className": "card-container Vehicles",
    },
    "ref": null,
    "rendered": Array [
      Object {
        "instance": null,
        "key": "1",
        "nodeType": "function",
        "props": Object {
          "favorite": false,
          "id": 1,
          "item1": "Class: car",
          "item2": "Model: cool",
          "item3": "Total Passengers: 1",
          "title": "Daniela",
          "toggleFavorite": [Function],
        },
        "ref": null,
        "rendered": null,
        "type": [Function],
      },
      Object {
        "instance": null,
        "key": "1",
        "nodeType": "function",
        "props": Object {
          "favorite": false,
          "id": 1,
          "item1": "Class: car",
          "item2": "Model: cool",
          "item3": "Total Passengers: 1",
          "title": "Daniela",
          "toggleFavorite": [Function],
        },
        "ref": null,
        "rendered": null,
        "type": [Function],
      },
    ],
    "type": "div",
  },
  Symbol(enzyme.__nodes__): Array [
    Object {
      "instance": null,
      "key": undefined,
      "nodeType": "host",
      "props": Object {
        "children": Array [
          <Card
            favorite={false}
            id={1}
            item1="Class: car"
            item2="Model: cool"
            item3="Total Passengers: 1"
            title="Daniela"
            toggleFavorite={[Function]}
/>,
          <Card
            favorite={false}
            id={1}
            item1="Class: car"
            item2="Model: cool"
            item3="Total Passengers: 1"
            title="Daniela"
            toggleFavorite={[Function]}
/>,
        ],
        "className": "card-container Vehicles",
      },
      "ref": null,
      "rendered": Array [
        Object {
          "instance": null,
          "key": "1",
          "nodeType": "function",
          "props": Object {
            "favorite": false,
            "id": 1,
            "item1": "Class: car",
            "item2": "Model: cool",
            "item3": "Total Passengers: 1",
            "title": "Daniela",
            "toggleFavorite": [Function],
          },
          "ref": null,
          "rendered": null,
          "type": [Function],
        },
        Object {
          "instance": null,
          "key": "1",
          "nodeType": "function",
          "props": Object {
            "favorite": false,
            "id": 1,
            "item1": "Class: car",
            "item2": "Model: cool",
            "item3": "Total Passengers: 1",
            "title": "Daniela",
            "toggleFavorite": [Function],
          },
          "ref": null,
          "rendered": null,
          "type": [Function],
        },
      ],
      "type": "div",
    },
  ],
  Symbol(enzyme.__options__): Object {
    "adapter": ReactSixteenAdapter {
      "options": Object {
        "enableComponentDidUpdateOnSetState": true,
      },
    },
  },
}
`;

exports[`Vehicles matches the snapshot with one card 1`] = `
ShallowWrapper {
  "length": 1,
  Symbol(enzyme.__root__): [Circular],
  Symbol(enzyme.__unrendered__): <Vehicles
    cardData={
        Array [
            Object {
              "favorite": false,
              "id": 1,
              "model": "cool",
              "name": "Daniela",
              "numberOfPassengers": 1,
              "vehicleClass": "car",
            },
          ]
    }
    toggleFavorite={[Function]}
/>,
  Symbol(enzyme.__renderer__): Object {
    "batchedUpdates": [Function],
    "getNode": [Function],
    "render": [Function],
    "simulateEvent": [Function],
    "unmount": [Function],
  },
  Symbol(enzyme.__node__): Object {
    "instance": null,
    "key": undefined,
    "nodeType": "host",
    "props": Object {
      "children": Array [
        <Card
          favorite={false}
          id={1}
          item1="Class: car"
          item2="Model: cool"
          item3="Total Passengers: 1"
          title="Daniela"
          toggleFavorite={[Function]}
/>,
      ],
      "className": "card-container Vehicles",
    },
    "ref": null,
    "rendered": Array [
      Object {
        "instance": null,
        "key": "1",
        "nodeType": "function",
        "props": Object {
          "favorite": false,
          "id": 1,
          "item1": "Class: car",
          "item2": "Model: cool",
          "item3": "Total Passengers: 1",
          "title": "Daniela",
          "toggleFavorite": [Function],
        },
        "ref": null,
        "rendered": null,
        "type": [Function],
      },
    ],
    "type": "div",
  },
  Symbol(enzyme.__nodes__): Array [
    Object {
      "instance": null,
      "key": undefined,
      "nodeType": "host",
      "props": Object {
        "children": Array [
          <Card
            favorite={false}
            id={1}
            item1="Class: car"
            item2="Model: cool"
            item3="Total Passengers: 1"
            title="Daniela"
            toggleFavorite={[Function]}
/>,
        ],
        "className": "card-container Vehicles",
      },
      "ref": null,
      "rendered": Array [
        Object {
          "instance": null,
          "key": "1",
          "nodeType": "function",
          "props": Object {
            "favorite": false,
            "id": 1,
            "item1": "Class: car",
            "item2": "Model: cool",
            "item3": "Total Passengers: 1",
            "title": "Daniela",
            "toggleFavorite": [Function],
          },
          "ref": null,
          "rendered": null,
          "type": [Function],
        },
      ],
      "type": "div",
    },
  ],
  Symbol(enzyme.__options__): Object {
    "adapter": ReactSixteenAdapter {
      "options": Object {
        "enableComponentDidUpdateOnSetState": true,
      },
    },
  },
}
`;
